Assembler report for SPI_Top
Mon Aug 17 20:06:14 2026
Quartus Prime Version 16.1.0 Build 196 10/24/2016 SJ Lite Edition


---------------------
; Table of Contents ;
---------------------
  1. Legal Notice
  2. Assembler Summary
  3. Assembler Settings
  4. Assembler Generated Files
  5. Assembler Device Options: C:/DE-10-Lite-MAX10-FPGA/DE-10-Lite-MAX10-FPGA/Projects/10_SPI_Communication/output_files/SPI_Top.sof
  6. Assembler Messages



----------------
; Legal Notice ;
----------------
Copyright (C) 2016  Intel Corporation. All rights reserved.
Your use of Intel Corporation's design tools, logic functions 
and other software and tools, and its AMPP partner logic 
functions, and any output files from any of the foregoing 
(including device programming or simulation files), and any 
associated documentation or information are expressly subject 
to the terms and conditions of the Intel Program License 
Subscription Agreement, the Intel Quartus Prime License Agreement,
the Intel MegaCore Function License Agreement, or other 
applicable license agreement, including, without limitation, 
that your use is for the sole purpose of programming logic 
devices manufactured by Intel and sold by Intel or its 
authorized distributors.  Please refer to the applicable 
agreement for further details.



+---------------------------------------------------------------+
; Assembler Summary                                             ;
+-----------------------+---------------------------------------+
; Assembler Status      ; Successful - Mon Aug 17 20:06:14 2026 ;
; Revision Name         ; SPI_Top                               ;
; Top-level Entity Name ; spi_top                               ;
; Family                ; MAX 10                                ;
; Device                ; 10M50DAF484C7G                        ;
+-----------------------+---------------------------------------+


+----------------------------------+
; Assembler Settings               ;
+--------+---------+---------------+
; Option ; Setting ; Default Value ;
+--------+---------+---------------+


+-------------------------------------------------------------------------------------------------------+
; Assembler Generated Files                                                                             ;
+-------------------------------------------------------------------------------------------------------+
; File Name                                                                                             ;
+-------------------------------------------------------------------------------------------------------+
; C:/DE-10-Lite-MAX10-FPGA/DE-10-Lite-MAX10-FPGA/Projects/10_SPI_Communication/output_files/SPI_Top.sof ;
+-------------------------------------------------------------------------------------------------------+


+---------------------------------------------------------------------------------------------------------------------------------+
; Assembler Device Options: C:/DE-10-Lite-MAX10-FPGA/DE-10-Lite-MAX10-FPGA/Projects/10_SPI_Communication/output_files/SPI_Top.sof ;
+----------------+----------------------------------------------------------------------------------------------------------------+
; Option         ; Setting                                                                                                        ;
+----------------+----------------------------------------------------------------------------------------------------------------+
; Device         ; 10M50DAF484C7G                                                                                                 ;
; JTAG usercode  ; 0x0027726E                                                                                                     ;
; Checksum       ; 0x0027726E                                                                                                     ;
+----------------+----------------------------------------------------------------------------------------------------------------+


+--------------------+
; Assembler Messages ;
+--------------------+
Info: *******************************************************************
Info: Running Quartus Prime Assembler
    Info: Version 16.1.0 Build 196 10/24/2016 SJ Lite Edition
    Info: Processing started: Mon Aug 17 20:06:06 2026
Info: Command: quartus_asm --read_settings_files=off --write_settings_files=off SPI_Top -c SPI_Top
Warning (18236): Number of processors has not been specified which may cause overloading on shared machines.  Set the global assignment NUM_PARALLEL_PROCESSORS in your QSF to an appropriate value for best performance.
Info (115031): Writing out detailed assembly data for power analysis
Info (115030): Assembler is generating device programming files
Info: Quartus Prime Assembler was successful. 0 errors, 1 warning
    Info: Peak virtual memory: 4688 megabytes
    Info: Processing ended: Mon Aug 17 20:06:14 2026
    Info: Elapsed time: 00:00:08
    Info: Total CPU time (on all processors): 00:00:08


